// Jest Snapshot v1, https://goo.gl/fbAQLP

exports[`App screen should renders AppMain 1`] = `
<RCTSafeAreaView
  style={
    Object {
      "backgroundColor": "#f2f2f2",
      "flex": 1,
    }
  }
>
  <RCTScrollView
    style={
      Object {
        "backgroundColor": "#f2f2f2",
        "flex": 1,
      }
    }
  >
    <View>
      <View>
        <Text>
          MAIN
        </Text>
      </View>
      <RCTScrollView
        disableVirtualization={false}
        extraData={
          Object {
            "data": undefined,
            "name": "",
            "refreshing": false,
          }
        }
        getItem={[Function]}
        getItemCount={[Function]}
        horizontal={false}
        initialNumToRender={10}
        keyExtractor={[Function]}
        maxToRenderPerBatch={10}
        numColumns={1}
        onContentSizeChange={[Function]}
        onEndReachedThreshold={2}
        onLayout={[Function]}
        onMomentumScrollEnd={[Function]}
        onScroll={[Function]}
        onScrollBeginDrag={[Function]}
        onScrollEndDrag={[Function]}
        renderItem={[Function]}
        scrollEventThrottle={50}
        stickyHeaderIndices={Array []}
        updateCellsBatchingPeriod={50}
        viewabilityConfigCallbackPairs={Array []}
        windowSize={21}
      >
        <View />
      </RCTScrollView>
    </View>
  </RCTScrollView>
</RCTSafeAreaView>
`;
